 gcc -g p7original.c
 gdb a.out
GNU gdb (Ubuntu 8.1.1-0ubuntu1) 8.1.1
Copyright (C) 2018 Free Software Foundation, Inc.
License GPLv3+: GNU GPL version 3 or later <http://gnu.org/licenses/gpl.html>
This is free software: you are free to change and redistribute it.
There is NO WARRANTY, to the extent permitted by law.  Type "show copying"
and "show warranty" for details.
This GDB was configured as "x86_64-linux-gnu".
Type "show configuration" for configuration details.
For bug reporting instructions, please see:
<http://www.gnu.org/software/gdb/bugs/>.
Find the GDB manual and other documentation resources online at:
<http://www.gnu.org/software/gdb/documentation/>.
For help, type "help".
Type "apropos word" to search for commands related to "word"...
Reading symbols from a.out...done.
(gdb) b main
Breakpoint 1 at 0x772: file p7original.c, line 7.
(gdb) r
Starting program: /home/runner/pps-IA1-practice/a.out 
warning: Error disabling address space randomization: Operation not permitted

Breakpoint 1, main () at p7original.c:7
7   {
(gdb) n
9      printf("enter first complex number x and y\n");
(gdb) n
enter first complex number x and y
10     scanf("%d%d", &x.realnumber, &x.imaginarynumber);
(gdb) n
3 5
11     printf("enter second complex number z and p\n");
(gdb) n
enter second complex number z and p
12     scanf("%d%d", &y.realnumber, &y.imaginarynumber);
(gdb) n
4 7
13     z.realnumber =x.realnumber + y.realnumber;
(gdb) m
Ambiguous command "m": macro, maintenance, make, mem, monitor, mt.
(gdb) n
14     z.imaginarynumber =x.imaginarynumber +y.imaginarynumber;
(gdb) n
15     printf("Sum of the complex numbers: (%d) + (%di)\n", z.realnumber, z.imaginarynumber);
(gdb) n
Sum of the complex numbers: (7) + (12i)
16     return 0;
(gdb) n
17  }(gdb) n
__libc_start_main (main=0x560fdc20076a <main>, argc=1, argv=0x7ffc0f887d58, 
    init=<optimized out>, fini=<optimized out>, rtld_fini=<optimized out>, 
    stack_end=0x7ffc0f887d48) at ../csu/libc-start.c:344
344 ../csu/libc-start.c: No such file or directory.
(gdb) n
[Inferior 1 (process 870) exited normally]
(gdb) n
The program is not being run.
(gdb) q